[backblue.gif]
[fade.gif]
[index.html]
[cdn.jsdelivr.net/npm/swiper@9/swiper-bundle.min.css]
[demo.templatesjungle.com/ministore/js/modernizr.js]
[demo.templatesjungle.com/ministore/images/main-logo.png]
[demo.templatesjungle.com/ministore/images/banner-image.png]
[demo.templatesjungle.com/ministore/images/product-item1.jpg]
[demo.templatesjungle.com/ministore/images/product-item2.jpg]
[demo.templatesjungle.com/ministore/images/product-item3.jpg]
[demo.templatesjungle.com/ministore/images/product-item4.jpg]
[demo.templatesjungle.com/ministore/images/product-item5.jpg]
[demo.templatesjungle.com/ministore/images/product-item6.jpg]
[demo.templatesjungle.com/ministore/images/product-item7.jpg]
[demo.templatesjungle.com/ministore/images/product-item8.jpg]
[demo.templatesjungle.com/ministore/images/product-item9.jpg]
[demo.templatesjungle.com/ministore/images/product-item10.jpg]
[demo.templatesjungle.com/ministore/images/single-image1.png]
[demo.templatesjungle.com/ministore/images/post-item1.jpg]
[demo.templatesjungle.com/ministore/images/post-item2.jpg]
[demo.templatesjungle.com/ministore/images/post-item3.jpg]
[demo.templatesjungle.com/ministore/images/insta-item1.jpg]
[demo.templatesjungle.com/ministore/images/insta-item2.jpg]
[demo.templatesjungle.com/ministore/images/insta-item3.jpg]
[demo.templatesjungle.com/ministore/images/insta-item4.jpg]
[demo.templatesjungle.com/ministore/images/insta-item5.jpg]
[demo.templatesjungle.com/ministore/images/dhl.png]
[demo.templatesjungle.com/ministore/images/shippingcard.png]
[demo.templatesjungle.com/ministore/images/visa.jpg]
[demo.templatesjungle.com/ministore/images/mastercard.jpg]
[demo.templatesjungle.com/ministore/images/paypal.jpg]
[demo.templatesjungle.com/ministore/js/jquery-1.11.0.min.js]
[demo.templatesjungle.com/ministore/js/bootstrap.bundle.min.js]
[cdn.jsdelivr.net/npm/swiper/swiper-bundle.min.js]
[demo.templatesjungle.com/ministore/js/plugins.js]
[demo.templatesjungle.com/ministore/js/script.js]
[demo.templatesjungle.com/ministore/index.html]
[demo.templatesjungle.com/ministore/css/bootstrap.min.css]
[demo.templatesjungle.com/ministore/style.css]
[cdn.jsdelivr.net/npm/swiper@9/swiper-bundle.min.css]
[demo.templatesjungle.com/ministore/index-2.html]
[demo.templatesjungle.com/ministore/images/single-image3.jpg]
[demo.templatesjungle.com/ministore/about.html]
[demo.templatesjungle.com/ministore/images/post-small-image1.jpg]
[demo.templatesjungle.com/ministore/images/post-small-image2.jpg]
[demo.templatesjungle.com/ministore/images/post-small-image3.jpg]
[demo.templatesjungle.com/ministore/images/post-item4.jpg]
[demo.templatesjungle.com/ministore/images/post-item5.jpg]
[demo.templatesjungle.com/ministore/images/post-item6.jpg]
[demo.templatesjungle.com/ministore/images/post-item7.jpg]
[demo.templatesjungle.com/ministore/images/post-item8.jpg]
[demo.templatesjungle.com/ministore/images/post-item9.jpg]
[demo.templatesjungle.com/ministore/blog.html]
[demo.templatesjungle.com/ministore/shop.html]
[demo.templatesjungle.com/ministore/images/cart-item1.jpg]
[demo.templatesjungle.com/ministore/images/cart-item2.jpg]
[demo.templatesjungle.com/ministore/cart.html]
[demo.templatesjungle.com/ministore/checkout.html]
[demo.templatesjungle.com/ministore/images/single-post.jpg]
[demo.templatesjungle.com/ministore/images/post-image.jpg]
[demo.templatesjungle.com/ministore/images/post-image1.jpg]
[demo.templatesjungle.com/ministore/images/commentor-item1.jpg]
[demo.templatesjungle.com/ministore/images/commentor-item2.jpg]
[demo.templatesjungle.com/ministore/images/commentor-item3.jpg]
[demo.templatesjungle.com/ministore/single-post.html]
[demo.templatesjungle.com/ministore/images/singel-product-item.jpg]
[demo.templatesjungle.com/ministore/images/review-item1.jpg]
[demo.templatesjungle.com/ministore/images/review-item2.jpg]
[demo.templatesjungle.com/ministore/single-product.html]
[demo.templatesjungle.com/ministore/images/single-image2.jpg]
[demo.templatesjungle.com/ministore/contact.html]
[demo.templatesjungle.com/ministore/css/vendor.css]
